Warning: unknown option ‘--libs-only-opt’
* installing to library ‘/Users/miguel/Library/R/arm64/4.3/library’
* installing *source* package ‘CRFparallel’ ...
** using staged installation
** libs
using C++ compiler: ‘Apple clang version 17.0.0 (clang-1700.0.13.5)’
using SDK: ‘MacOSX15.5.sdk’
Error: 'CxxFlags' is not an exported object from 'namespace:RcppArmadillo'
Execution halted
clang++ -arch arm64 -std=gnu++17 -I"/Library/Frameworks/R.framework/Resources/include" -DNDEBUG  -I'/Library/Frameworks/R.framework/Versions/4.3-arm64/Resources/library/Rcpp/include' -I'/Library/Frameworks/R.framework/Versions/4.3-arm64/Resources/library/RcppArmadillo/include' -I'/Library/Frameworks/R.framework/Versions/4.3-arm64/Resources/library/RcppParallel/include' -I/opt/R/arm64/include      -fPIC  -falign-functions=64 -Wall -g -O2  -c RcppExports.cpp -o RcppExports.o
Error: 'CxxFlags' is not an exported object from 'namespace:RcppArmadillo'
Execution halted
clang++ -arch arm64 -std=gnu++17 -I"/Library/Frameworks/R.framework/Resources/include" -DNDEBUG  -I'/Library/Frameworks/R.framework/Versions/4.3-arm64/Resources/library/Rcpp/include' -I'/Library/Frameworks/R.framework/Versions/4.3-arm64/Resources/library/RcppArmadillo/include' -I'/Library/Frameworks/R.framework/Versions/4.3-arm64/Resources/library/RcppParallel/include' -I/opt/R/arm64/include      -fPIC  -falign-functions=64 -Wall -g -O2  -c bernstein.cpp -o bernstein.o
Error: 'CxxFlags' is not an exported object from 'namespace:RcppArmadillo'
Execution halted
clang++ -arch arm64 -std=gnu++17 -I"/Library/Frameworks/R.framework/Resources/include" -DNDEBUG  -I'/Library/Frameworks/R.framework/Versions/4.3-arm64/Resources/library/Rcpp/include' -I'/Library/Frameworks/R.framework/Versions/4.3-arm64/Resources/library/RcppArmadillo/include' -I'/Library/Frameworks/R.framework/Versions/4.3-arm64/Resources/library/RcppParallel/include' -I/opt/R/arm64/include      -fPIC  -falign-functions=64 -Wall -g -O2  -c helpers.cpp -o helpers.o
Error: 'CxxFlags' is not an exported object from 'namespace:RcppArmadillo'
Execution halted
clang++ -arch arm64 -std=gnu++17 -I"/Library/Frameworks/R.framework/Resources/include" -DNDEBUG  -I'/Library/Frameworks/R.framework/Versions/4.3-arm64/Resources/library/Rcpp/include' -I'/Library/Frameworks/R.framework/Versions/4.3-arm64/Resources/library/RcppArmadillo/include' -I'/Library/Frameworks/R.framework/Versions/4.3-arm64/Resources/library/RcppParallel/include' -I/opt/R/arm64/include      -fPIC  -falign-functions=64 -Wall -g -O2  -c main.cpp -o main.o
clang++ -arch arm64 -std=gnu++17 -dynamiclib -Wl,-headerpad_max_install_names -undefined dynamic_lookup -L/Library/Frameworks/R.framework/Resources/lib -L/opt/R/arm64/lib -o CRFparallel.so RcppExports.o bernstein.o helpers.o main.o -L/Library/Frameworks/R.framework/Resources/lib -lRlapack -L/Library/Frameworks/R.framework/Resources/lib -lRblas -L/opt/homebrew/lib/gcc/current -lgfortran -lquadmath -lm -L/Library/Frameworks/R.framework/Versions/4.3-arm64/Resources/library/RcppParallel/lib -ltbb -ltbbmalloc -F/Library/Frameworks/R.framework/.. -framework R -Wl,-framework -Wl,CoreFoundation
installing to /Users/miguel/Library/R/arm64/4.3/library/00LOCK-CRFparallel/00new/CRFparallel/libs
** R
** byte-compile and prepare package for lazy loading
Note: possible error in 'estimate_spline(datalist = datalist, ': unused argument (nleqslv.control = nleqslv.control) 
Note: possible error in 'estimate_poly(datalist = datalist, ': unused argument (nl.conrol = nleqslv.control) 
** help
No man pages found in package  ‘CRFparallel’ 
*** installing help indices
** building package indices
** testing if installed package can be loaded from temporary location
** checking absolute paths in shared objects and dynamic libraries
** testing if installed package can be loaded from final location
** testing if installed package keeps a record of temporary installation path
* DONE (CRFparallel)
